
                                                          _..._
  .---.                                                .-'_..._''.
  |   |              _..._                     .--.  .' .'      '.\
  |   |            .'     '.                   |__| / .'
  |   |           .   .-.   .              .|  .--.. '
  |   |           |  '   '  |    __      .' |_ |  || |
  |   |   _    _  |  |   |  | .:--.'.  .'     ||  || |                 ___    A
  |   |  | '  / | |  |   |  |/ |   \ |'--.  .-'|  |. '                 | |   {*}
  |   | .' | .' | |  |   |  |`" __ | |   |  |  |  | \ '.          .    | |  __V__
  |   | /  | /  | |  |   |  | .'.''| |   |  |  |__|  '. `._____.-'/    |_|o_|%%%|0_
  '---'|   ''.  | |  |   |  |/ /   | |_  |  '.'        `-.______ /        |       |
       '   .'|  '/|  |   |  |\ \._.\ '/  |   /                  '         |       |
        `-'  `--' '--'   '--' '--'  `"   `'-'                             |_______|

  Passive Subdomain Recon  v1.2.3

